Archive member included to satisfy reference by file (symbol)

/usr/lib/gcc/arm-none-eabi/13.2.1/../../../arm-none-eabi/lib/libg.a(libc_a-memset.o)
                              /usr/lib/gcc/arm-none-eabi/13.2.1/../../../arm-none-eabi/lib/crt0.o (memset)
/usr/lib/gcc/arm-none-eabi/13.2.1/../../../arm-none-eabi/lib/libg.a(libc_a-vsnprintf.o)
                              CMakeFiles/LPC2294.elf.dir/log/log.c.obj (vsnprintf)
/usr/lib/gcc/arm-none-eabi/13.2.1/../../../arm-none-eabi/lib/libg.a(libc_a-svfprintf.o)
                              /usr/lib/gcc/arm-none-eabi/13.2.1/../../../arm-none-eabi/lib/libg.a(libc_a-vsnprintf.o) (_svfprintf_r)
/usr/lib/gcc/arm-none-eabi/13.2.1/../../../arm-none-eabi/lib/libg.a(libc_a-impure.o)
                              /usr/lib/gcc/arm-none-eabi/13.2.1/../../../arm-none-eabi/lib/libg.a(libc_a-vsnprintf.o) (_impure_ptr)
/usr/lib/gcc/arm-none-eabi/13.2.1/../../../arm-none-eabi/lib/libg.a(libc_a-mallocr.o)
                              /usr/lib/gcc/arm-none-eabi/13.2.1/../../../arm-none-eabi/lib/libg.a(libc_a-svfprintf.o) (_malloc_r)
/usr/lib/gcc/arm-none-eabi/13.2.1/../../../arm-none-eabi/lib/libg.a(libc_a-dtoa.o)
                              /usr/lib/gcc/arm-none-eabi/13.2.1/../../../arm-none-eabi/lib/libg.a(libc_a-svfprintf.o) (_dtoa_r)
/usr/lib/gcc/arm-none-eabi/13.2.1/../../../arm-none-eabi/lib/libg.a(libc_a-freer.o)
                              /usr/lib/gcc/arm-none-eabi/13.2.1/../../../arm-none-eabi/lib/libg.a(libc_a-mallocr.o) (_free_r)
/usr/lib/gcc/arm-none-eabi/13.2.1/../../../arm-none-eabi/lib/libg.a(libc_a-sysconf.o)
                              /usr/lib/gcc/arm-none-eabi/13.2.1/../../../arm-none-eabi/lib/libg.a(libc_a-mallocr.o) (sysconf)
/usr/lib/gcc/arm-none-eabi/13.2.1/../../../arm-none-eabi/lib/libg.a(libc_a-init.o)
                              /usr/lib/gcc/arm-none-eabi/13.2.1/../../../arm-none-eabi/lib/crt0.o (__libc_init_array)
/usr/lib/gcc/arm-none-eabi/13.2.1/../../../arm-none-eabi/lib/libg.a(libc_a-mlock.o)
                              /usr/lib/gcc/arm-none-eabi/13.2.1/../../../arm-none-eabi/lib/libg.a(libc_a-mallocr.o) (__malloc_lock)
/usr/lib/gcc/arm-none-eabi/13.2.1/../../../arm-none-eabi/lib/libg.a(libc_a-findfp.o)
                              /usr/lib/gcc/arm-none-eabi/13.2.1/../../../arm-none-eabi/lib/libg.a(libc_a-impure.o) (__sf)
/usr/lib/gcc/arm-none-eabi/13.2.1/../../../arm-none-eabi/lib/libg.a(libc_a-atexit.o)
                              /usr/lib/gcc/arm-none-eabi/13.2.1/../../../arm-none-eabi/lib/crt0.o (atexit)
/usr/lib/gcc/arm-none-eabi/13.2.1/../../../arm-none-eabi/lib/libg.a(libc_a-ssprint_r.o)
                              /usr/lib/gcc/arm-none-eabi/13.2.1/../../../arm-none-eabi/lib/libg.a(libc_a-svfprintf.o) (__ssprint_r)
/usr/lib/gcc/arm-none-eabi/13.2.1/../../../arm-none-eabi/lib/libg.a(libc_a-strlen-stub.o)
                              /usr/lib/gcc/arm-none-eabi/13.2.1/../../../arm-none-eabi/lib/libg.a(libc_a-svfprintf.o) (strlen)
/usr/lib/gcc/arm-none-eabi/13.2.1/../../../arm-none-eabi/lib/libg.a(libc_a-sbrkr.o)
                              /usr/lib/gcc/arm-none-eabi/13.2.1/../../../arm-none-eabi/lib/libg.a(libc_a-mallocr.o) (_sbrk_r)
/usr/lib/gcc/arm-none-eabi/13.2.1/../../../arm-none-eabi/lib/libg.a(libc_a-fini.o)
                              /usr/lib/gcc/arm-none-eabi/13.2.1/../../../arm-none-eabi/lib/crt0.o (__libc_fini_array)
/usr/lib/gcc/arm-none-eabi/13.2.1/../../../arm-none-eabi/lib/libg.a(libc_a-assert.o)
                              /usr/lib/gcc/arm-none-eabi/13.2.1/../../../arm-none-eabi/lib/libg.a(libc_a-dtoa.o) (__assert_func)
/usr/lib/gcc/arm-none-eabi/13.2.1/../../../arm-none-eabi/lib/libg.a(libc_a-mprec.o)
                              /usr/lib/gcc/arm-none-eabi/13.2.1/../../../arm-none-eabi/lib/libg.a(libc_a-dtoa.o) (_Balloc)
/usr/lib/gcc/arm-none-eabi/13.2.1/../../../arm-none-eabi/lib/libg.a(libc_a-memchr-stub.o)
                              /usr/lib/gcc/arm-none-eabi/13.2.1/../../../arm-none-eabi/lib/libg.a(libc_a-svfprintf.o) (memchr)
/usr/lib/gcc/arm-none-eabi/13.2.1/../../../arm-none-eabi/lib/libg.a(libc_a-fwalk.o)
                              /usr/lib/gcc/arm-none-eabi/13.2.1/../../../arm-none-eabi/lib/libg.a(libc_a-findfp.o) (_fwalk_sglue)
/usr/lib/gcc/arm-none-eabi/13.2.1/../../../arm-none-eabi/lib/libg.a(libc_a-localeconv.o)
                              /usr/lib/gcc/arm-none-eabi/13.2.1/../../../arm-none-eabi/lib/libg.a(libc_a-svfprintf.o) (_localeconv_r)
/usr/lib/gcc/arm-none-eabi/13.2.1/../../../arm-none-eabi/lib/libg.a(libc_a-locale.o)
                              /usr/lib/gcc/arm-none-eabi/13.2.1/../../../arm-none-eabi/lib/libg.a(libc_a-localeconv.o) (__global_locale)
/usr/lib/gcc/arm-none-eabi/13.2.1/../../../arm-none-eabi/lib/libg.a(libc_a-strcmp.o)
                              /usr/lib/gcc/arm-none-eabi/13.2.1/../../../arm-none-eabi/lib/libg.a(libc_a-locale.o) (strcmp)
/usr/lib/gcc/arm-none-eabi/13.2.1/../../../arm-none-eabi/lib/libg.a(libc_a-mbtowc_r.o)
[...]
Memory Configuration

Name             Origin             Length             Attributes
ROM              0x00000000         0x00080000         xr
RAM              0x40000000         0x00008000         rw
*default*        0x00000000         0xffffffff

Linker script and memory map

LOAD /usr/lib/gcc/arm-none-eabi/13.2.1/crti.o
LOAD /usr/lib/gcc/arm-none-eabi/13.2.1/crtbegin.o
LOAD /usr/lib/gcc/arm-none-eabi/13.2.1/../../../arm-none-eabi/lib/crt0.o
LOAD CMakeFiles/LPC2294.elf.dir/log/log.c.obj
LOAD CMakeFiles/LPC2294.elf.dir/serial/serial.c.obj
LOAD CMakeFiles/LPC2294.elf.dir/src/main.c.obj
LOAD CMakeFiles/LPC2294.elf.dir/startup/crt0.S.obj
START GROUP
LOAD /usr/lib/gcc/arm-none-eabi/13.2.1/libgcc.a
LOAD /usr/lib/gcc/arm-none-eabi/13.2.1/../../../arm-none-eabi/lib/libg.a
LOAD /usr/lib/gcc/arm-none-eabi/13.2.1/../../../arm-none-eabi/lib/libc.a
END GROUP
START GROUP
LOAD /usr/lib/gcc/arm-none-eabi/13.2.1/libgcc.a
LOAD /usr/lib/gcc/arm-none-eabi/13.2.1/../../../arm-none-eabi/lib/libc.a
LOAD /usr/lib/gcc/arm-none-eabi/13.2.1/../../../arm-none-eabi/lib/libnosys.a
END GROUP
LOAD /usr/lib/gcc/arm-none-eabi/13.2.1/crtend.o
LOAD /usr/lib/gcc/arm-none-eabi/13.2.1/crtn.o
                0x00000800                        STACK_SIZE = 0x800

.text           0x00000000      0x140
 *crt0.o(.text)
 *(.text)
 .text          0x00000000      0x140 CMakeFiles/LPC2294.elf.dir/startup/crt0.S.obj
                0x00000000                _boot
                0x00000050                start
                0x00000118                reset
                0x00000118                abort
                0x00000118                _reset
                0x00000118                exit
 *(.rodata)
 *(.rodata*)
 *(.glue_7)
 .glue_7        0x00000140        0x0 linker stubs
 *(.glue_7t)
 .glue_7t       0x00000140        0x0 linker stubs

.vfp11_veneer   0x00000140        0x0
 .vfp11_veneer  0x00000140        0x0 linker stubs

.v4_bx          0x00000140        0x0
 .v4_bx         0x00000140        0x0 linker stubs

.init           0x00000140        0xc
 .init          0x00000140        0xc /usr/lib/gcc/arm-none-eabi/13.2.1/crti.o
                0x00000140                _init

.fini           0x0000014c        0xc
 .fini          0x0000014c        0xc /usr/lib/gcc/arm-none-eabi/13.2.1/crti.o
                0x0000014c                _fini

.text.LOG_init  0x00000158       0x24
 .text.LOG_init
                0x00000158       0x24 CMakeFiles/LPC2294.elf.dir/log/log.c.obj
                0x00000158                LOG_init

.iplt           0x0000017c        0x0
 .iplt          0x0000017c        0x0 CMakeFiles/LPC2294.elf.dir/log/log.c.obj

.text.xSerialPortInitMinimal
                0x0000017c       0x70
 .text.xSerialPortInitMinimal
                0x0000017c       0x70 CMakeFiles/LPC2294.elf.dir/serial/serial.c.obj
                0x0000017c                xSerialPortInitMinimal

.text.timer_init
                0x000001ec       0x4c
 .text.timer_init
                0x000001ec       0x4c CMakeFiles/LPC2294.elf.dir/src/main.c.obj
                0x000001ec                timer_init

.text.my_interrupt
                0x00000238       0x90
 .text.my_interrupt
                0x00000238       0x90 CMakeFiles/LPC2294.elf.dir/src/main.c.obj
                0x00000238                my_interrupt

.text.init_interrupt_fiq
                0x000002c8       0x48
 .text.init_interrupt_fiq
                0x000002c8       0x48 CMakeFiles/LPC2294.elf.dir/src/main.c.obj
                0x000002c8                init_interrupt_fiq

.text.set_pll   0x00000310       0xac
 .text.set_pll  0x00000310       0xac CMakeFiles/LPC2294.elf.dir/src/main.c.obj
                0x00000310                set_pll

.text.main      0x000003bc       0x68
 .text.main     0x000003bc       0x68 CMakeFiles/LPC2294.elf.dir/src/main.c.obj
                0x000003bc                main

.rel.dyn        0x00000424        0x0
 .rel.iplt      0x00000424        0x0 CMakeFiles/LPC2294.elf.dir/log/log.c.obj
                0x00000424                        . = ALIGN (0x4)

.ctors          0x00000424        0x0
                0x00000424                        PROVIDE (__ctors_start__ = .)
 *(SORT_BY_NAME(.ctors.*))
 *(.ctors)
                0x00000424                        PROVIDE (__ctors_end__ = .)

.dtors          0x00000424        0x0
                [!provide]                        PROVIDE (__dtors_start__ = .)
 *(SORT_BY_NAME(.dtors.*))
 *(.dtors)
                [!provide]                        PROVIDE (__dtors_end__ = .)
                0x00000424                        . = ALIGN (0x4)
                0x00000424                        _etext = .
                [!provide]                        PROVIDE (etext = .)

.data           0x40000000        0x0 load address 0x00000424
                0x40000000                        _data = .
 *(.data)

.igot.plt       0x40000000        0x0
 .igot.plt      0x40000000        0x0 CMakeFiles/LPC2294.elf.dir/log/log.c.obj
                0x40000000                        . = ALIGN (0x4)
                0x40000000                        _edata = .
                [!provide]                        PROVIDE (edata = .)

.bss            0x40000000        0x0
                0x40000000                        __bss_start = .
                0x40000000                        __bss_start__ = .
 *(.bss)
 *(COMMON)
                0x40000000                        . = ALIGN (0x4)

.bss.n.0        0x40000000        0x4
 .bss.n.0       0x40000000        0x4 CMakeFiles/LPC2294.elf.dir/src/main.c.obj
                0x40000004                        . = ALIGN (0x4)
                0x40000004                        __bss_end__ = .
                [!provide]                        PROVIDE (__bss_end = .)

.stack          0x40000004      0x8fc
                0x40000100                        . = ALIGN (0x100)
 *fill*         0x40000004       0xfc 
                0x40000900                        . = (. + STACK_SIZE)
 *fill*         0x40000100      0x800 
                0x40000900                        PROVIDE (_stack = .)

.sysmem
                0x40000900                        _end = .
                0x40000900                        PROVIDE (end = .)

.stab
 *(.stab)

.stabstr
 *(.stabstr)

.stab.excl
 *(.stab.excl)

.stab.exclstr
 *(.stab.exclstr)

.stab.index
 *(.stab.index)

.stab.indexstr
 *(.stab.indexstr)

.comment        0x00000000       0x26
 *(.comment)
 .comment       0x00000000       0x26 CMakeFiles/LPC2294.elf.dir/log/log.c.obj
                                 0x27 (size before relaxing)
 .comment       0x00000026       0x27 CMakeFiles/LPC2294.elf.dir/serial/serial.c.obj
 .comment       0x00000026       0x27 CMakeFiles/LPC2294.elf.dir/src/main.c.obj

.ARM.attributes
                0x00000000       0x26
 .ARM.attributes
                0x00000000       0x1c /usr/lib/gcc/arm-none-eabi/13.2.1/crti.o
 .ARM.attributes
                0x0000001c       0x2a CMakeFiles/LPC2294.elf.dir/log/log.c.obj
 .ARM.attributes
                0x00000046       0x2a CMakeFiles/LPC2294.elf.dir/serial/serial.c.obj
 .ARM.attributes
                0x00000070       0x2a CMakeFiles/LPC2294.elf.dir/src/main.c.obj
 .ARM.attributes
                0x0000009a       0x1a CMakeFiles/LPC2294.elf.dir/startup/crt0.S.obj

.debug
 *(.debug)

.line
 *(.line)

.debug_srcinfo
 *(.debug_srcinfo)

.debug_sfnames
 *(.debug_sfnames)

.debug_aranges  0x00000000       0xc0
 *(.debug_aranges)
 .debug_aranges
                0x00000000       0x28 CMakeFiles/LPC2294.elf.dir/log/log.c.obj
 .debug_aranges
                0x00000028       0x30 CMakeFiles/LPC2294.elf.dir/serial/serial.c.obj
 .debug_aranges
                0x00000058       0x48 CMakeFiles/LPC2294.elf.dir/src/main.c.obj
 .debug_aranges
                0x000000a0       0x20 CMakeFiles/LPC2294.elf.dir/startup/crt0.S.obj

.debug_pubnames
 *(.debug_pubnames)

.debug_info     0x00000000      0x47e
 *(.debug_info .gnu.linkonce.wi.*)
 .debug_info    0x00000000      0x1b1 CMakeFiles/LPC2294.elf.dir/log/log.c.obj
 .debug_info    0x000001b1      0x13e CMakeFiles/LPC2294.elf.dir/serial/serial.c.obj
 .debug_info    0x000002ef      0x16a CMakeFiles/LPC2294.elf.dir/src/main.c.obj
 .debug_info    0x00000459       0x25 CMakeFiles/LPC2294.elf.dir/startup/crt0.S.obj

.debug_abbrev   0x00000000      0x2f5
 *(.debug_abbrev)
 .debug_abbrev  0x00000000      0x112 CMakeFiles/LPC2294.elf.dir/log/log.c.obj
 .debug_abbrev  0x00000112       0xdb CMakeFiles/LPC2294.elf.dir/serial/serial.c.obj
 .debug_abbrev  0x000001ed       0xf4 CMakeFiles/LPC2294.elf.dir/src/main.c.obj
 .debug_abbrev  0x000002e1       0x14 CMakeFiles/LPC2294.elf.dir/startup/crt0.S.obj

.debug_line     0x00000000      0x7ba
 *(.debug_line)
 .debug_line    0x00000000      0x243 CMakeFiles/LPC2294.elf.dir/log/log.c.obj
 .debug_line    0x00000243      0x17e CMakeFiles/LPC2294.elf.dir/serial/serial.c.obj
 .debug_line    0x000003c1      0x356 CMakeFiles/LPC2294.elf.dir/src/main.c.obj
 .debug_line    0x00000717       0xa3 CMakeFiles/LPC2294.elf.dir/startup/crt0.S.obj

.debug_frame    0x00000000      0x1b0
 *(.debug_frame)
 .debug_frame   0x00000000       0x6c CMakeFiles/LPC2294.elf.dir/log/log.c.obj
 .debug_frame   0x0000006c       0x74 CMakeFiles/LPC2294.elf.dir/serial/serial.c.obj
 .debug_frame   0x000000e0       0xd0 CMakeFiles/LPC2294.elf.dir/src/main.c.obj

.debug_str      0x00000000     0xce41
 *(.debug_str)
 .debug_str     0x00000000     0xce41 CMakeFiles/LPC2294.elf.dir/log/log.c.obj
                               0x71d8 (size before relaxing)
 .debug_str     0x0000ce41     0x7fe9 CMakeFiles/LPC2294.elf.dir/serial/serial.c.obj
 .debug_str     0x0000ce41     0xabd5 CMakeFiles/LPC2294.elf.dir/src/main.c.obj
 .debug_str     0x0000ce41       0x91 CMakeFiles/LPC2294.elf.dir/startup/crt0.S.obj

.debug_loc
 *(.debug_loc)

.debug_macinfo
 *(.debug_macinfo)

.debug_weaknames
 *(.debug_weaknames)

.debug_funcnames
 *(.debug_funcnames)

.debug_typenames
 *(.debug_typenames)

.debug_varnames
 *(.debug_varnames)
OUTPUT(/home/dspproject/work/prickpi/basic-clion-project/out/LPC2294.elf elf32-littlearm)
LOAD linker stubs

.debug_rnglists
                0x00000000       0x6c
 .debug_rnglists
                0x00000000       0x1a CMakeFiles/LPC2294.elf.dir/log/log.c.obj
 .debug_rnglists
                0x0000001a       0x1f CMakeFiles/LPC2294.elf.dir/serial/serial.c.obj
 .debug_rnglists
                0x00000039       0x33 CMakeFiles/LPC2294.elf.dir/src/main.c.obj

.debug_macro    0x00000000     0x2dec
 .debug_macro   0x00000000      0x116 CMakeFiles/LPC2294.elf.dir/log/log.c.obj
 .debug_macro   0x00000116      0xad8 CMakeFiles/LPC2294.elf.dir/log/log.c.obj
 .debug_macro   0x00000bee       0x22 CMakeFiles/LPC2294.elf.dir/log/log.c.obj
 .debug_macro   0x00000c10      0x34e CMakeFiles/LPC2294.elf.dir/log/log.c.obj
 .debug_macro   0x00000f5e       0x58 CMakeFiles/LPC2294.elf.dir/log/log.c.obj
 .debug_macro   0x00000fb6       0x22 CMakeFiles/LPC2294.elf.dir/log/log.c.obj
 .debug_macro   0x00000fd8       0x60 CMakeFiles/LPC2294.elf.dir/log/log.c.obj
 .debug_macro   0x00001038       0x24 CMakeFiles/LPC2294.elf.dir/log/log.c.obj
 .debug_macro   0x0000105c       0x94 CMakeFiles/LPC2294.elf.dir/log/log.c.obj
 .debug_macro   0x000010f0       0x3c CMakeFiles/LPC2294.elf.dir/log/log.c.obj
 .debug_macro   0x0000112c       0x34 CMakeFiles/LPC2294.elf.dir/log/log.c.obj
 .debug_macro   0x00001160       0x16 CMakeFiles/LPC2294.elf.dir/log/log.c.obj
 .debug_macro   0x00001176       0x57 CMakeFiles/LPC2294.elf.dir/log/log.c.obj
 .debug_macro   0x000011cd       0x9e CMakeFiles/LPC2294.elf.dir/log/log.c.obj
 .debug_macro   0x0000126b      0x370 CMakeFiles/LPC2294.elf.dir/log/log.c.obj
 .debug_macro   0x000015db      0x112 CMakeFiles/LPC2294.elf.dir/log/log.c.obj
 .debug_macro   0x000016ed       0x16 CMakeFiles/LPC2294.elf.dir/log/log.c.obj
 .debug_macro   0x00001703       0x4a CMakeFiles/LPC2294.elf.dir/log/log.c.obj
 .debug_macro   0x0000174d       0x34 CMakeFiles/LPC2294.elf.dir/log/log.c.obj
 .debug_macro   0x00001781       0x10 CMakeFiles/LPC2294.elf.dir/log/log.c.obj
 .debug_macro   0x00001791       0x52 CMakeFiles/LPC2294.elf.dir/log/log.c.obj
 .debug_macro   0x000017e3      0x1de CMakeFiles/LPC2294.elf.dir/log/log.c.obj
 .debug_macro   0x000019c1       0x16 CMakeFiles/LPC2294.elf.dir/log/log.c.obj
 .debug_macro   0x000019d7       0x16 CMakeFiles/LPC2294.elf.dir/log/log.c.obj
 .debug_macro   0x000019ed      0x170 CMakeFiles/LPC2294.elf.dir/log/log.c.obj
 .debug_macro   0x00001b5d       0x2d CMakeFiles/LPC2294.elf.dir/serial/serial.c.obj
 .debug_macro   0x00001b8a      0x978 CMakeFiles/LPC2294.elf.dir/serial/serial.c.obj
 .debug_macro   0x00002502      0x11b CMakeFiles/LPC2294.elf.dir/src/main.c.obj
 .debug_macro   0x0000261d      0x7bf CMakeFiles/LPC2294.elf.dir/src/main.c.obj
 .debug_macro   0x00002ddc       0x10 CMakeFiles/LPC2294.elf.dir/src/main.c.obj

.debug_line_str
                0x00000000       0x85
 .debug_line_str
                0x00000000       0x85 CMakeFiles/LPC2294.elf.dir/startup/crt0.S.obj
